// Jest Snapshot v1, https://goo.gl/fbAQLP

exports[`SignUp should match the snapshot test 1`] = `
ShallowWrapper {
  "length": 1,
  Symbol(enzyme.__root__): [Circular],
  Symbol(enzyme.__unrendered__): <SignUp />,
  Symbol(enzyme.__renderer__): Object {
    "batchedUpdates": [Function],
    "getNode": [Function],
    "render": [Function],
    "simulateEvent": [Function],
    "unmount": [Function],
  },
  Symbol(enzyme.__node__): Object {
    "instance": null,
    "key": undefined,
    "nodeType": "host",
    "props": Object {
      "children": Array [
        <h3
          className="signup-prompt"
        >
          New to MovieTracker? Sign-up for an account here:
        </h3>,
        <form
          className="signup-form"
          type="submit"
        >
          <input
            name="name"
            onChange={[Function]}
            placeholder="Enter your name"
            type="text"
            value=""
          />
          <input
            className=""
            name="email"
            onChange={[Function]}
            placeholder="Enter Email"
            type="text"
            value=""
          />
          <input
            name="password"
            onChange={[Function]}
            placeholder="Enter your password"
            type="password"
            value=""
          />
          <button
            className="signup-btn"
            onClick={[Function]}
            type="submit"
          >
            Sign Up
          </button>
        </form>,
        false,
      ],
      "className": "signup",
    },
    "ref": null,
    "rendered": Array [
      Object {
        "instance": null,
        "key": undefined,
        "nodeType": "host",
        "props": Object {
          "children": "New to MovieTracker? Sign-up for an account here:",
          "className": "signup-prompt",
        },
        "ref": null,
        "rendered": "New to MovieTracker? Sign-up for an account here:",
        "type": "h3",
      },
      Object {
        "instance": null,
        "key": undefined,
        "nodeType": "host",
        "props": Object {
          "children": Array [
            <input
              name="name"
              onChange={[Function]}
              placeholder="Enter your name"
              type="text"
              value=""
            />,
            <input
              className=""
              name="email"
              onChange={[Function]}
              placeholder="Enter Email"
              type="text"
              value=""
            />,
            <input
              name="password"
              onChange={[Function]}
              placeholder="Enter your password"
              type="password"
              value=""
            />,
            <button
              className="signup-btn"
              onClick={[Function]}
              type="submit"
            >
              Sign Up
            </button>,
          ],
          "className": "signup-form",
          "type": "submit",
        },
        "ref": null,
        "rendered": Array [
          Object {
            "instance": null,
            "key": undefined,
            "nodeType": "host",
            "props": Object {
              "name": "name",
              "onChange": [Function],
              "placeholder": "Enter your name",
              "type": "text",
              "value": "",
            },
            "ref": null,
            "rendered": null,
            "type": "input",
          },
          Object {
            "instance": null,
            "key": undefined,
            "nodeType": "host",
            "props": Object {
              "className": "",
              "name": "email",
              "onChange": [Function],
              "placeholder": "Enter Email",
              "type": "text",
              "value": "",
            },
            "ref": null,
            "rendered": null,
            "type": "input",
          },
          Object {
            "instance": null,
            "key": undefined,
            "nodeType": "host",
            "props": Object {
              "name": "password",
              "onChange": [Function],
              "placeholder": "Enter your password",
              "type": "password",
              "value": "",
            },
            "ref": null,
            "rendered": null,
            "type": "input",
          },
          Object {
            "instance": null,
            "key": undefined,
            "nodeType": "host",
            "props": Object {
              "children": "Sign Up",
              "className": "signup-btn",
              "onClick": [Function],
              "type": "submit",
            },
            "ref": null,
            "rendered": "Sign Up",
            "type": "button",
          },
        ],
        "type": "form",
      },
      false,
    ],
    "type": "div",
  },
  Symbol(enzyme.__nodes__): Array [
    Object {
      "instance": null,
      "key": undefined,
      "nodeType": "host",
      "props": Object {
        "children": Array [
          <h3
            className="signup-prompt"
          >
            New to MovieTracker? Sign-up for an account here:
          </h3>,
          <form
            className="signup-form"
            type="submit"
          >
            <input
              name="name"
              onChange={[Function]}
              placeholder="Enter your name"
              type="text"
              value=""
            />
            <input
              className=""
              name="email"
              onChange={[Function]}
              placeholder="Enter Email"
              type="text"
              value=""
            />
            <input
              name="password"
              onChange={[Function]}
              placeholder="Enter your password"
              type="password"
              value=""
            />
            <button
              className="signup-btn"
              onClick={[Function]}
              type="submit"
            >
              Sign Up
            </button>
          </form>,
          false,
        ],
        "className": "signup",
      },
      "ref": null,
      "rendered": Array [
        Object {
          "instance": null,
          "key": undefined,
          "nodeType": "host",
          "props": Object {
            "children": "New to MovieTracker? Sign-up for an account here:",
            "className": "signup-prompt",
          },
          "ref": null,
          "rendered": "New to MovieTracker? Sign-up for an account here:",
          "type": "h3",
        },
        Object {
          "instance": null,
          "key": undefined,
          "nodeType": "host",
          "props": Object {
            "children": Array [
              <input
                name="name"
                onChange={[Function]}
                placeholder="Enter your name"
                type="text"
                value=""
              />,
              <input
                className=""
                name="email"
                onChange={[Function]}
                placeholder="Enter Email"
                type="text"
                value=""
              />,
              <input
                name="password"
                onChange={[Function]}
                placeholder="Enter your password"
                type="password"
                value=""
              />,
              <button
                className="signup-btn"
                onClick={[Function]}
                type="submit"
              >
                Sign Up
              </button>,
            ],
            "className": "signup-form",
            "type": "submit",
          },
          "ref": null,
          "rendered": Array [
            Object {
              "instance": null,
              "key": undefined,
              "nodeType": "host",
              "props": Object {
                "name": "name",
                "onChange": [Function],
                "placeholder": "Enter your name",
                "type": "text",
                "value": "",
              },
              "ref": null,
              "rendered": null,
              "type": "input",
            },
            Object {
              "instance": null,
              "key": undefined,
              "nodeType": "host",
              "props": Object {
                "className": "",
                "name": "email",
                "onChange": [Function],
                "placeholder": "Enter Email",
                "type": "text",
                "value": "",
              },
              "ref": null,
              "rendered": null,
              "type": "input",
            },
            Object {
              "instance": null,
              "key": undefined,
              "nodeType": "host",
              "props": Object {
                "name": "password",
                "onChange": [Function],
                "placeholder": "Enter your password",
                "type": "password",
                "value": "",
              },
              "ref": null,
              "rendered": null,
              "type": "input",
            },
            Object {
              "instance": null,
              "key": undefined,
              "nodeType": "host",
              "props": Object {
                "children": "Sign Up",
                "className": "signup-btn",
                "onClick": [Function],
                "type": "submit",
              },
              "ref": null,
              "rendered": "Sign Up",
              "type": "button",
            },
          ],
          "type": "form",
        },
        false,
      ],
      "type": "div",
    },
  ],
  Symbol(enzyme.__options__): Object {
    "adapter": ReactSixteenAdapter {
      "options": Object {
        "enableComponentDidUpdateOnSetState": true,
      },
    },
  },
}
`;
